LTspice 26.0.1 for Windows
Circuit: C:\Users\Victor Rosales\Documents\ClassD\Simulation Speaker\Draft1.net
Start Time: Sun May  3 13:50:03 2026

.step spk=2
solver = Normal
Maximum thread count: 32
tnom = 27
temp = 27
method = trap
.OP point found by inspection.
.OP point found by inspection.

.step spk=4
.OP point found by inspection.
.OP point found by inspection.

.step spk=6
.OP point found by inspection.
.OP point found by inspection.

.step spk=8
.OP point found by inspection.
.OP point found by inspection.

.step spk=10
.OP point found by inspection.
.OP point found by inspection.

.step spk=12
.OP point found by inspection.
.OP point found by inspection.
Total elapsed time: 1.780 seconds.

Files loaded:
C:\Users\Victor Rosales\Documents\ClassD\Simulation Speaker\Draft1.net

